// Jest Snapshot v1, https://goo.gl/fbAQLP

exports[`react-amphtml can server-side render valid html 1`] = `
"
        <!doctype html>
        <html lang=\\"en\\" âš¡=\\"\\"><head><meta charSet=\\"utf-8\\"/><meta name=\\"viewport\\" content=\\"width=device-width,minimum-scale=1,initial-scale=1\\"/><link rel=\\"canonical\\" href=\\"/\\"/><style amp-boilerplate=\\"\\">
          body{-webkit-animation:-amp-start 8s steps(1,end) 0s 1 normal both;-moz-animation:-amp-start 8s steps(1,end) 0s 1 normal both;-ms-animation:-amp-start 8s steps(1,end) 0s 1 normal both;animation:-amp-start 8s steps(1,end) 0s 1 normal both}@-webkit-keyframes -amp-start{from{visibility:hidden}to{visibility:visible}}@-moz-keyframes -amp-start{from{visibility:hidden}to{visibility:visible}}@-ms-keyframes -amp-start{from{visibility:hidden}to{visibility:visible}}@-o-keyframes -amp-start{from{visibility:hidden}to{visibility:visible}}@keyframes -amp-start{from{visibility:hidden}to{visibility:visible}}
        </style><noscript><style amp-boilerplate=\\"\\">
            body{-webkit-animation:none;-moz-animation:none;-ms-animation:none;animation:none}
          </style></noscript><title>react-amphtml</title><script async=\\"\\" src=\\"https://cdn.ampproject.org/v0.js\\"></script><script async=\\"\\" custom-element=\\"amp-accordion\\" src=\\"https://cdn.ampproject.org/v0/amp-accordion-0.1.js\\"></script><script async=\\"\\" custom-template=\\"amp-mustache\\" src=\\"https://cdn.ampproject.org/v0/amp-mustache-0.2.js\\"></script></head><body><div><amp-img src=\\"/\\" width=\\"0\\" height=\\"0\\" layout=\\"responsive\\" alt=\\"test\\"></amp-img><amp-accordion></amp-accordion><template type=\\"amp-mustache\\">Hello, {{world}}!</template></div></body></html>
      "
`;
